// Jest Snapshot v1, https://goo.gl/fbAQLP

exports[`matches snapshot 1`] = `
<div>
  <nav
    className="navbar navbar-expand-sm navbar-dark bg-primary mb-4"
  >
    <div
      className="container"
    >
      <div>
        <a
          className="navbar-brand"
          href="/main"
          onClick={[Function]}
        >
          Bookeroo
        </a>
      </div>
      <button
        className="navbar-toggler"
        data-target="#mobile-nav"
        data-toggle="collapse"
        type="button"
      >
        <span
          className="navbar-toggler-icon"
        />
      </button>
      <div
        className="collapse navbar-collapse"
        id="mobile-nav"
      >
        <ul
          className="navbar-nav mr-auto"
        >
          <li
            className="nav-item"
          >
            <div
              data-testid="aboutusbutton"
            >
              <a
                className="nav-link"
                href="/aboutus"
                onClick={[Function]}
              >
                About us
              </a>
            </div>
          </li>
          <li
            className="nav-item"
          >
            <div
              data-testid="contactusbutton"
            >
              <a
                className="nav-link"
                href="/contactus"
                onClick={[Function]}
              >
                Contact us
              </a>
            </div>
          </li>
          <li
            className="nav-item"
          >
            <div
              className="dropdown"
            >
              <a
                aria-expanded="false"
                aria-haspopup="true"
                className="nav-link dropdown-toggle"
                data-toggle="dropdown"
                href="https://www.bookdepository.com/"
                id="dropdownMenuLink"
                onClick={[Function]}
                role="button"
              >
                Category
              </a>
              <div
                aria-labelledby="dropdownMenuLink"
                className="dropdown-menu"
              >
                <a
                  className="dropdown-item"
                  href="https://www.bookdepository.com/"
                >
                  Science Fiction
                </a>
                <div
                  className="dropdown-divider"
                />
                <a
                  className="dropdown-item"
                  href="https://www.bookdepository.com/"
                >
                  Novel
                </a>
                <div
                  className="dropdown-divider"
                />
                <a
                  className="dropdown-item"
                  href="https://www.bookdepository.com/"
                >
                  Fantasy
                </a>
                <div
                  className="dropdown-divider"
                />
                <a
                  className="dropdown-item"
                  href="https://www.bookdepository.com/"
                >
                  Thriller
                </a>
                <div
                  className="dropdown-divider"
                />
                <a
                  className="dropdown-item"
                  href="https://www.bookdepository.com/"
                >
                  Romance
                </a>
              </div>
            </div>
          </li>
        </ul>
        <ul
          className="navbar-nav ml-auto"
        >
          <li
            className="nav-item"
          >
            <div
              data-testid="signupbutton"
            >
              <a
                className="nav-link "
                href="/register"
                onClick={[Function]}
              >
                Sign Up
              </a>
            </div>
          </li>
          <li
            className="nav-item"
          >
            <div
              data-testid="loginbutton"
            >
              <a
                className="nav-link"
                href="/login"
                onClick={[Function]}
              >
                Login
              </a>
            </div>
          </li>
        </ul>
      </div>
    </div>
  </nav>
</div>
`;
