// Jest Snapshot v1, https://goo.gl/fbAQLP

exports[`matches snapshot 1`] = `
<div
  className="landing"
>
  <div
    className="light-overlay landing-inner text-dark"
  >
    <div
      className="container"
    >
      <div
        className="row"
      >
        <div
          className="col-md-12 text-center"
        >
          <h1
            className="display-3 mb-4"
          >
            Person Management Tool
          </h1>
          <p
            className="lead"
          >
            Create your account to join
          </p>
          <hr />
          <a
            className="btn btn-lg btn-primary mr-2"
            href="/register"
            onClick={[Function]}
          >
            Sign Up
          </a>
          <a
            className="btn btn-lg btn-secondary mr-2"
            href="/login"
            onClick={[Function]}
          >
            Login
          </a>
        </div>
      </div>
    </div>
  </div>
</div>
`;
