// Jest Snapshot v1, https://goo.gl/fbAQLP

exports[`matches snapshot 1`] = `
<div
  className="login"
>
  <div
    className="container"
  >
    <div
      className="row"
    >
      <div
        className="col-md-8 m-auto"
      >
        <h1
          className="display-4 text-center"
        >
          Log In
        </h1>
        <form
          data-testid="form"
        >
          <div
            className="form-group"
          >
            <input
              className="form-control form-control-lg"
              name="username"
              placeholder="Email Address"
              type="text"
            />
            <div
              className="invalid-feedback"
            />
          </div>
          <div
            className="form-group"
          >
            <input
              className="form-control form-control-lg"
              name="password"
              placeholder="Password"
              type="password"
            />
            <div
              className="invalid-feedback"
            />
          </div>
          <button
            className="btn btn-info btn-block mt-4"
            type="submit"
          >
            Submit
          </button>
        </form>
      </div>
    </div>
  </div>
</div>
`;
